
> devin-desk-p0@0.1.0 dist:win
> npm run build && electron-builder --win zip --x64 --config.win.signAndEditExecutable=false


> devin-desk-p0@0.1.0 build
> node scripts/build.mjs

  • electron-builder  version=26.16.1 os=5.15.200
  • loaded configuration  file=package.json ("build" field)
  • author is missed in the package.json  appPackageFile=/home/ubuntu/repos/devin-desk/package.json
  • executing @electron/rebuild  electronVersion=44.4.5 arch=x64 buildFromSource=false workspaceRoot=/home/ubuntu/repos/devin-desk projectDir=./ appDir=./
  • installing native dependencies  arch=x64
  • completed installing native dependencies
  • packaging       platform=win32 arch=x64 electron=44.4.5 appOutDir=dist/win-unpacked
  • downloaded      label=electron progress=100%
  • downloaded electron zip extracted successfully  output=/home/ubuntu/repos/devin-desk/dist/win-unpacked
  • searching for node modules  pm=npm searchDir=/home/ubuntu/repos/devin-desk
  • updating asar integrity executable resource  executablePath=dist/win-unpacked/Devin Desk P0.exe
  • executable resource editing and code signing skipped — signAndEditExecutable is false. To skip only code signing while keeping icon and metadata applied, use signExecutable: false instead.  exe=dist/win-unpacked/Devin Desk P0.exe
  • building        target=zip arch=x64 file=dist/Devin Desk P0-0.1.0-win.zip
  • downloaded      label=7zip-linux-x64.tar.gz progress=100%
  • Cannot detect repository by .git/config. Please specify "repository" in the package.json (https://docs.npmjs.com/files/package.json#repository).
Please see https://electron.build/publish
