
> devin-desk@0.1.0 typecheck
> tsc --noEmit


> devin-desk@0.1.0 test:unit
> vitest run tests/unit


[1m[30m[46m RUN [49m[39m[22m [36mv5.0.1 [39m[90mC:/Users/brian/source/repos/Devin-console-p2[39m

 [32m✓[39m tests/unit/sessions.test.ts [2m([22m[2m7 tests[22m[2m)[22m[32m 4[2mms[22m[39m
 [32m✓[39m tests/unit/tabModel.test.ts [2m([22m[2m27 tests[22m[2m)[22m[32m 10[2mms[22m[39m
 [32m✓[39m tests/unit/layout.test.ts [2m([22m[2m7 tests[22m[2m)[22m[32m 4[2mms[22m[39m
 [32m✓[39m tests/unit/linkRouter.test.ts [2m([22m[2m177 tests[22m[2m)[22m[32m 14[2mms[22m[39m
 [32m✓[39m tests/unit/settings.test.ts [2m([22m[2m8 tests[22m[2m)[22m[32m 8[2mms[22m[39m

[2m Test Files [22m [1m[32m5 passed[39m[22m[90m (5)[39m
[2m      Tests [22m [1m[32m226 passed[39m[22m[90m (226)[39m
[2m   Start at [22m 16:55:17
[2m   Duration [22m 350ms[2m (import 54%, transform 35%, tests 7%, worker 4%)[22m


> devin-desk@0.1.0 build
> node scripts/build.mjs

[36mvite v8.3.1 [32mbuilding client environment for production...[36m[39m
transforming...
✓ 28 modules transformed.
rendering chunks...
computing gzip size...
out/shell/index.html                   0.65 kB │ gzip:  0.37 kB
out/shell/assets/index-BF19HqZK.css   10.18 kB │ gzip:  3.19 kB
out/shell/assets/index-Coqcbbvk.js   278.48 kB │ gzip: 87.35 kB

[32m✓ built in 162ms[39m

> devin-desk@0.1.0 test:e2e
> npm run build && playwright test


> devin-desk@0.1.0 build
> node scripts/build.mjs

[36mvite v8.3.1 [32mbuilding client environment for production...[36m[39m
transforming...
✓ 28 modules transformed.
rendering chunks...
computing gzip size...
out/shell/index.html                   0.65 kB │ gzip:  0.37 kB
out/shell/assets/index-BF19HqZK.css   10.18 kB │ gzip:  3.19 kB
out/shell/assets/index-Coqcbbvk.js   278.48 kB │ gzip: 87.35 kB

[32m✓ built in 148ms[39m

Running 14 tests using 1 worker

[1/14] tests\e2e\discard.spec.ts:44:5 › discards idle inactive tabs, keeps chrome state, reloads on activation, honours beforeunload
[2/14] tests\e2e\discard.spec.ts:130:5 › discard threshold is a persisted setting (minutes) applied live
[3/14] tests\e2e\routing-matrix.spec.ts:115:5 › devin page: popups, ctrl/middle-click, top-level nav, both GitHub origins, redirect, SSO, tenant, external
[4/14] tests\e2e\routing-matrix.spec.ts:224:5 › gh tab: popups, ctrl-click, in-place navigation, cross-origin, redirects, iframe, tenant, external, download
[5/14] tests\e2e\routing-matrix.spec.ts:376:5 › shell link source: every host class via __devindesk.routeLink, originSessionId tagging
[6/14] tests\e2e\routing-matrix.spec.ts:418:5 › dedupes owner/repo/pull/N across sub-paths and keeps distinct tabs otherwise
[7/14] tests\e2e\routing-matrix.spec.ts:474:5 › restart restores tabs (order, active, originSessionId) and window close leaves no orphan webContents
[8/14] tests\e2e\routing.spec.ts:38:5 › routes fixture navigation, manages tabs, persists state, and cleans up webContents
[9/14] tests\e2e\shell.spec.ts:18:5 › tracks current session id from devin view navigation
[10/14] tests\e2e\shell.spec.ts:45:5 › auto-collapses the pane below the minimum devin width
[11/14] tests\e2e\shell.spec.ts:89:5 › persists settings across relaunch
[12/14] tests\e2e\shell.spec.ts:120:5 › migrates legacy spike-state.json into settings.json
[13/14] tests\e2e\tabstrip.spec.ts:45:5 › pointer and keyboard reorder, keyboard activate/close, titles
[14/14] tests\e2e\tabstrip.spec.ts:125:5 › overflowing strip scrolls the active tab into view
  14 passed (53.1s)
